// access flags 0x1
public class HelloWorld {


  // access flags 0x9
  public static add(II)I
   L0
    ILOAD 0
    ILOAD 1
    IADD
    DUP
    ISTORE 2
    IRETURN
   L1
    LOCALVARIABLE result I L0 L1 2
    MAXSTACK = 2
    MAXLOCALS = 3
}
Result of HelloWorld.add(1,2) is 3
